[coremcs.bigcartel.com/index.html]
[backblue.gif]
[fade.gif]
[index.html]
[coremcs.bigcartel.com/theme_stylesheets/198799242/1652005090/theme.css]
[assets.bigcartel.com/account_images/5133315/Screenshot+2022-05-08+010342b3b4.png]
[assets.bigcartel.com/account_images/5133315/Screenshot+2022-05-08+0103424814.png]
[coremcs.bigcartel.com/stats.min.js]
[coremcs.bigcartel.com/products.html]
[coremcs.bigcartel.com/category/magpen-giftbox.html]
[coremcs.bigcartel.com/about-us.html]
[coremcs.bigcartel.com/contact.html]
[assets.bigcartel.com/theme_images/80754006/Screenshot+2022-05-08+012244bd18.png]
[coremcs.bigcartel.com/cart.html]
[assets.bigcartel.com/theme_images/80753883/SPRK_default_preset_name_custom+–+1c336.png]
[assets.bigcartel.com/product_images/334602621/PEN38d5.gif]
[ajax.googleapis.com/ajax/libs/jquery/3.5.1/jquery.min.js]
[coremcs.bigcartel.com/product/magnetic-sculpture-building-pen-magpen.html]
[cache0.bigcartel.com/api/5/api.inr3860.js]
[coremcs.bigcartel.com/index.html]
[coremcs.bigcartel.com/theme_stylesheets/198799242/1652005090/theme.css]
[coremcs.bigcartel.com/stats.min.js]
[cache0.bigcartel.com/theme_assets/109/1.5.5/theme3860.js]
[assets.bigcartel.com/product_images/334602621/PENb3b4.gif]
[coremcs.bigcartel.com/products.html]
[coremcs.bigcartel.com/category/magpen-giftbox.html]
[coremcs.bigcartel.com/about-us.html]
[www.google.com/recaptcha/api.js]
[coremcs.bigcartel.com/assets/contact-6976d753453bb7392dd2195bfb9fd56d685bbd2f8584586b8ddb76672a11009d.js]
[coremcs.bigcartel.com/contact.html]
[coremcs.bigcartel.com/cart.html]
[assets.bigcartel.com/product_images/334602621/PEN5801.gif]
[assets.pinterest.com/js/pinit.js]
[coremcs.bigcartel.com/product/magnetic-sculpture-building-pen-magpen.html]
[coremcs.bigcartel.com/log_stats.gif]
[coremcs.bigcartel.com/log_product_view.gif]
[coremcs.bigcartel.com/assets/contact-6976d753453bb7392dd2195bfb9fd56d685bbd2f8584586b8ddb76672a11009d.js]
